<!-- AI-ISSUE-TRIAGE -->

## AI Triage Summary

> [!NOTE]
> This issue has been automatically triaged by AI agents

<details>
<summary>What is AI Triage?</summary>

This issue was analyzed by AI agents:

- **Analyst Agent**: Categorizes the issue and suggests appropriate labels
- **Roadmap Agent**: Aligns the issue with project milestones and priorities
- **Explainer Agent** (if escalated): Generates comprehensive PRD

</details>

### Triage Results

| Property | Value |
|:---------|:------|
| **Category** | `bug` |
| **Labels** | ["bug","docs"] |
|  **Priority** | `P1` |
| **Milestone** | v1.0 |
| **Feature Review** | `APPROVE` |
| **PRD Escalation** | Generated (see below) |

<details>
<summary>Categorization Analysis</summary>

```json
{"category":"bug","labels":["bug","docs"]}

```

</details>

<details>
<summary>Roadmap Alignment</summary>

```json
{"priority":"P1","milestone":"v1.0"}

```

</details>


<details>
<summary>Feature Request Review</summary>

Feature looks reasonable. Approve.


</details>

---

<sub>Powered by [AI Issue Triage](https://github.com/rjmurillo/ai-agents2) workflow</sub>
